// Jest Snapshot v1, https://goo.gl/fbAQLP

exports[`UserView renders component 1`] = `
<div>
  <vusersearchform-stub></vusersearchform-stub>
  <vuserprofile-stub user="[object Object]" style="margin-top: 20px;"></vuserprofile-stub>
</div>
`;
